// e5-6

mysql> TRUNCATE TABLE Entry;
Query OK, 0 rows affected (0.02 sec)

mysql> select * from Entry;
Empty set (0.00 sec)

mysql> drop table Account;
Query OK, 0 rows affected (0.01 sec)

mysql> describe tables;
ERROR 1146 (42S02): Table 'decodemtl_addressbook_import.tables' doesn't exist
mysql> show tables;
+----------------------------------------+
| Tables_in_decodemtl_addressbook_import |
+----------------------------------------+
| AddressBook                            |
| Entry                                  |
+---------------------------

//e7-8










mysql> select * from account where id=63;
ERROR 1146 (42S02): Table 'decodemtl_addressbook_import.account' doesn't exist
mysql> select * from Account where id=63;
+----+-------------------------------------------------+-------------+---------------------+---------------------+
| id | email                                           | password    | createdOn           | modifiedOn          |
+----+-------------------------------------------------+-------------+---------------------+---------------------+
| 63 | consectetuer.rhoncus.Nullam@temporloremeget.org | IXW18QLZ3AH | 2015-03-03 16:28:10 | 2016-06-17 23:01:47 |
+----+-------------------------------------------------+-------------+---------------------+---------------------+
1 row in set (0.01 sec)


mysql> select * from AddressBook where accountId = 3;                                                                                                                                                 
+-----+-----------+---------------------------------+---------------------+---------------------+
| id  | accountId | name                            | createdOn           | modifiedOn          |
+-----+-----------+---------------------------------+---------------------+---------------------+
|   3 |         3 | Donec Incorporated              | 2016-05-04 23:06:18 | 2016-06-16 06:54:15 |
|  62 |         3 | Ipsum Nunc LLC                  | 2015-09-08 00:26:17 | 2016-01-11 13:40:49 |
| 117 |         3 | In Consectetuer Ltd             | 2016-06-03 11:56:16 | 2015-07-14 11:37:52 |
| 510 |         3 | Lacus Aliquam Rutrum Industries | 2015-03-18 10:29:24 | 2016-07-27 14:37:47 |
| 535 |         3 | Ac Ltd                          | 2016-06-06 12:50:37 | 2014-10-09 11:23:40 |
| 614 |         3 | Mauris Consulting               | 2016-07-19 16:37:29 | 2015-04-16 12:32:05 |
| 657 |         3 | Ornare Corporation              | 2014-10-12 09:24:10 | 2015-02-26 17:12:48 |
+-----+-----------+---------------------------------+---------------------+---------------------+
7 rows in set (0.00 sec)

mysql> select * from AddressBook where name='Lorem Foundation';
+-----+-----------+------------------+---------------------+---------------------+
| id  | accountId | name             | createdOn           | modifiedOn          |
+-----+-----------+------------------+---------------------+---------------------+
|   5 |        84 | Lorem Foundation | 2016-06-26 02:43:41 | 2015-04-06 10:24:41 |
| 153 |        12 | Lorem Foundation | 2015-05-04 14:28:16 | 2015-05-24 20:46:26 |
+-----+-----------+------------------+---------------------+---------------------+
2 rows in set (0.03 sec)

